// Jest Snapshot v1, https://goo.gl/fbAQLP

exports[`#SearchBar when mounting matches last snapshot 1`] = `
<form
  className=""
  onSubmit={[MockFunction]}
>
  <input />
  <button
    className=""
    data-testid="search-bar-submit-button"
    type="submit"
  >
    Search
  </button>
</form>
`;
